/var/www/html/mp3collection/255d6b4afecfbb.mp3
/var/www/html/mp3collection/255d6b54a4cf29.mp3
/var/www/html/mp3collection/255d6b5ddb749e.mp3
/var/www/html/mp3collection/255d6b6117c923.mp3
/var/www/html/mp3collection/255d922024ddc0.mp3
/var/www/html/mp3collection/255d94e54d773f.mp3
/var/www/html/mp3collection/255d94f02ea72f.mp3
/var/www/html/mp3collection/255d94f811a600.mp3
/var/www/html/mp3collection/255d94febc086f.mp3
/var/www/html/mp3collection/255d95058181ac.mp3
/var/www/html/mp3collection/255d950fb13280.mp3
/var/www/html/mp3collection/255d9659a029b6.mp3
/var/www/html/mp3collection/255e247002ba2c.mp3
/var/www/html/mp3collection/255e249b11a83f.mp3
/var/www/html/mp3collection/255e249bb7ab79.mp3
/var/www/html/mp3collection/255e24a794d054.mp3
/var/www/html/mp3collection/255e24a9491c3b.mp3
/var/www/html/mp3collection/255e24aafce360.mp3
/var/www/html/mp3collection/255e24afe0e1c8.mp3
/var/www/html/mp3collection/255e24b152a31b.mp3
/var/www/html/mp3collection/255e24b350b0f2.mp3
/var/www/html/mp3collection/255f62a6a051d7.mp3
/var/www/html/mp3collection/255fe12f1b958c.mp3
